started_at=2026-09-02T08:16:43Z
From: Linstar Wood <sales@linstarwood.com>
To: armadacorp.kz@gmail.com
Subject: Ламинированная фанера для ассортимента ARMADA
Attachments: 0
--- Body preview ---
Здравствуйте, команда ARMADA!

Увидели в вашем ассортименте ламинированную фанеру для опалубки толщиной 15 и 21 мм. Мы производим и экспортируем древесные плиты из Китая и хотели бы предложить вам прямые заводские поставки ламинированной фанеры для пополнения ассортимента.

Можем подобрать размер, толщину, породу шпона, плотность пленки, тип клея и обработку торцов под ваши требования. Контроль партии проводится от отбора шпона до упаковки. Доступность технических документов и сертификатов подтверждаем отдельно для выбранной спецификации.

Подскажите, пожалуйста, какие толщины, сердцевина и плотность пленки сейчас наиболее востребованы у ваших клиентов? После получения параметров подготовим точное предложение и вариант доставки в Караганду.

Сайт: https://www.linstarwood.com/
Каталог: https://www.linstarwood.com/downloads/linstar-wood-panels-catalog-2026.pdf

С уважением,
Отдел продаж Linstar Wood
Xuzhou Yongxiang Wood Industry Co., Ltd.
sales@linstarwood.com
https://www.linstarwood.com/

Если предложение не относится к вашей закупочной деятельности, сообщите нам, и мы не будем отправлять повторные письма.

Sent to armadacorp.kz@gmail.com. Logged in /Users/macbook/Desktop/linstarwood/sales/mail-log.jsonl.
From: Linstar Wood <sales@linstarwood.com>
To: opalubka.info@gmail.com
Subject: Прямые поставки ламинированной фанеры для 1 Opalubka
Attachments: 0
--- Body preview ---
Здравствуйте, команда 1 Opalubka!

Мы ознакомились с вашим ассортиментом опалубки и ламинированной фанеры. Linstar Wood является производителем древесных плит в Китае и предлагает прямые поставки ламинированной фанеры для опалубочных компаний и региональных складов.

Производим панели разных размеров и толщин с согласованной сердцевиной, фенольной пленкой, влагостойким клеем и герметизацией торцов. Возможны маркировка покупателя и упаковка для оптовых партий. Характеристики и комплект документов фиксируются по подтвержденной спецификации заказа.

Готовы сравнить наше предложение с вашей текущей закупочной позицией. Сообщите, пожалуйста, основной размер, толщину, тип сердцевины, плотность пленки и ориентировочный объем партии. Рассчитаем цену от завода и логистику до вашего склада.

Сайт: https://www.linstarwood.com/
Каталог: https://www.linstarwood.com/downloads/linstar-wood-panels-catalog-2026.pdf

С уважением,
Отдел продаж Linstar Wood
Xuzhou Yongxiang Wood Industry Co., Ltd.
sales@linstarwood.com
https://www.linstarwood.com/

Если предложение не относится к вашей закупочной деятельности, сообщите нам, и мы не будем отправлять повторные письма.

Sent to opalubka.info@gmail.com. Logged in /Users/macbook/Desktop/linstarwood/sales/mail-log.jsonl.
From: Linstar Wood <sales@linstarwood.com>
To: sales@steelchem.uz
Subject: Поставка ламинированной фанеры 6,5-30 мм для Steelchem
Attachments: 0
--- Body preview ---
Здравствуйте, отдел продаж Steelchem!

На вашем сайте представлен широкий диапазон ламинированной фанеры для опалубки от 6,5 до 30 мм. Мы производим и экспортируем древесные плиты из Китая и предлагаем рассмотреть прямые поставки для вашего ассортимента в Узбекистане.

Можем изготовить фанеру по согласованным размерам, толщине, типу поверхности, породе шпона, пленке и клею. Перед отгрузкой проверяем толщину, влажность, склейку, поверхность и упаковку партии. Требуемые протоколы и сертификационные документы уточняются для конкретного товара и заказа.

Какие толщины и типы поверхности вы закупаете наиболее регулярно? Если направите основную спецификацию и объем, мы подготовим предметное коммерческое предложение с условиями EXW и расчетом подходящего маршрута.

Сайт: https://www.linstarwood.com/
Каталог: https://www.linstarwood.com/downloads/linstar-wood-panels-catalog-2026.pdf

С уважением,
Отдел продаж Linstar Wood
Xuzhou Yongxiang Wood Industry Co., Ltd.
sales@linstarwood.com
https://www.linstarwood.com/

Если предложение не относится к вашей закупочной деятельности, сообщите нам, и мы не будем отправлять повторные письма.

Sent to sales@steelchem.uz. Logged in /Users/macbook/Desktop/linstarwood/sales/mail-log.jsonl.
From: Linstar Wood <sales@linstarwood.com>
To: rmbmetwood@gmail.com
Subject: Ламинированная фанера и балки H20 для RMB METWOOD
Attachments: 0
--- Body preview ---
Здравствуйте, команда RMB METWOOD!

Мы увидели, что вы поставляете в Узбекистане ламинированную фанеру и деревянные балки H20 для опалубочных систем. Эти две позиции входят в ключевую производственную программу Linstar Wood, поэтому предлагаем обсудить прямые заводские поставки для ваших проектов и склада.

Фанера может производиться по согласованным размерам, толщине, сердцевине, пленке и обработке торцов. Для H20 согласуем длину, параметры полки и стенки, упаковку и маркировку. Окончательные характеристики и доступные документы подтверждаются в спецификации и контракте.

Сообщите, пожалуйста, вашу текущую потребность по фанере 18 мм и балкам H20: размеры, объем и пункт назначения. Подготовим отдельные или комбинированные варианты предложения.

Сайт: https://www.linstarwood.com/
Каталог: https://www.linstarwood.com/downloads/linstar-wood-panels-catalog-2026.pdf

С уважением,
Отдел продаж Linstar Wood
Xuzhou Yongxiang Wood Industry Co., Ltd.
sales@linstarwood.com
https://www.linstarwood.com/

Если предложение не относится к вашей закупочной деятельности, сообщите нам, и мы не будем отправлять повторные письма.

Sent to rmbmetwood@gmail.com. Logged in /Users/macbook/Desktop/linstarwood/sales/mail-log.jsonl.
From: Linstar Wood <sales@linstarwood.com>
To: info@bvbalyans.kg
Subject: Оптовая ламинированная фанера для БВБ-Альянс
Attachments: 0
--- Body preview ---
Здравствуйте, команда БВБ-Альянс!

На вашей странице в Бишкеке предлагается оптовая ламинированная фанера для опалубки с расчетом цены по объему и условиям поставки. Мы являемся китайским производителем древесных плит и хотели бы предложить вам прямой источник поставок.

Изготавливаем ламинированную фанеру в различных толщинах и форматах. Сердцевина, плотность пленки, клей, допуски и упаковка согласуются до производства. Для подтвержденной позиции предоставим доступные технические и сертификационные документы без распространения заявлений на весь ассортимент.

Подскажите, пожалуйста, какие размер, толщина и поверхность являются для вас приоритетными, а также ориентировочный объем закупки. На этой основе рассчитаем заводскую цену и логистический вариант до Бишкека.

Сайт: https://www.linstarwood.com/
Каталог: https://www.linstarwood.com/downloads/linstar-wood-panels-catalog-2026.pdf

С уважением,
Отдел продаж Linstar Wood
Xuzhou Yongxiang Wood Industry Co., Ltd.
sales@linstarwood.com
https://www.linstarwood.com/

Если предложение не относится к вашей закупочной деятельности, сообщите нам, и мы не будем отправлять повторные письма.

Sent to info@bvbalyans.kg. Logged in /Users/macbook/Desktop/linstarwood/sales/mail-log.jsonl.
From: Linstar Wood <sales@linstarwood.com>
To: barsopro@gmail.com
Subject: Ламинированная фанера для опалубочных систем BARSO
Attachments: 0
--- Body preview ---
Здравствуйте, команда BARSO!

Мы ознакомились с вашей линейкой ламинированной фанеры для щитовой опалубки. Linstar Wood производит строительную фанеру и другие древесные плиты в Китае и предлагает прямые поставки для опалубочных компаний и дистрибьюторов.

Можем предложить разные варианты сердцевины, толщины, формата, фенольной пленки, клея и защиты торцов, а также маркировку под заказчика. Контроль выполняется по каждой партии, а заявленные параметры и доступные документы закрепляются в подтвержденной спецификации.

Рассматриваете ли вы альтернативные варианты сердцевины наряду с березовой фанерой? Если сообщите требуемые параметры, месячный или разовый объем и адрес склада, мы подготовим сопоставимое предложение.

Сайт: https://www.linstarwood.com/
Каталог: https://www.linstarwood.com/downloads/linstar-wood-panels-catalog-2026.pdf

С уважением,
Отдел продаж Linstar Wood
Xuzhou Yongxiang Wood Industry Co., Ltd.
sales@linstarwood.com
https://www.linstarwood.com/

Если предложение не относится к вашей закупочной деятельности, сообщите нам, и мы не будем отправлять повторные письма.

Sent to barsopro@gmail.com. Logged in /Users/macbook/Desktop/linstarwood/sales/mail-log.jsonl.
From: Linstar Wood <sales@linstarwood.com>
To: tozonshop@gmail.com
Subject: Поставка фанеры и древесных плит для Tozon
Attachments: 0
--- Body preview ---
Здравствуйте, команда Tozon!

В вашем каталоге представлены ламинированная фанера для опалубки, OSB, ДСП и другие древесные материалы. Мы производим и экспортируем древесные плиты из Китая и хотели бы предложить прямые поставки для расширения и пополнения вашего ассортимента в Таджикистане.

Основные позиции включают ламинированную фанеру, коммерческую фанеру, меламиновые плиты, OSB и LVL. Размеры, толщина, сердцевина, поверхность, клей и упаковка согласуются под заказ. Технические показатели и доступные документы подтверждаем для выбранной спецификации.

Подскажите, пожалуйста, какие размеры ламинированной фанеры и какие категории плит вам сейчас требуется пополнить. После получения списка и ориентировочного объема подготовим заводское предложение и вариант доставки до Душанбе.

Сайт: https://www.linstarwood.com/
Каталог: https://www.linstarwood.com/downloads/linstar-wood-panels-catalog-2026.pdf

С уважением,
Отдел продаж Linstar Wood
Xuzhou Yongxiang Wood Industry Co., Ltd.
sales@linstarwood.com
https://www.linstarwood.com/

Если предложение не относится к вашей закупочной деятельности, сообщите нам, и мы не будем отправлять повторные письма.

Sent to tozonshop@gmail.com. Logged in /Users/macbook/Desktop/linstarwood/sales/mail-log.jsonl.
From: Linstar Wood <sales@linstarwood.com>
To: info@ynamdar-tajir.com
Subject: Ламинированная фанера 16/18 мм для Ynamdar Tajir
Attachments: 0
--- Body preview ---
Здравствуйте, команда Ynamdar Tajir!

Мы увидели в вашем магазине ламинированную фанеру 16 мм с доставкой по Туркменистану. Linstar Wood является производителем древесных плит в Китае и предлагает прямые поставки ламинированной фанеры для строительных и опалубочных работ.

Можем изготовить панели 16 и 18 мм, а также другие толщины и форматы, с согласованной сердцевиной, плотностью пленки, типом клея, защитой торцов и маркировкой. Каждая партия проходит проверку, а технические параметры и доступные документы подтверждаются применительно к заказанной позиции.

Подскажите, пожалуйста, какой спрос у вас выше: на 16 или 18 мм, и какие размер, сердцевина и пленка требуются? По этим данным рассчитаем цену от завода и подходящую логистику до Ашхабада.

Сайт: https://www.linstarwood.com/
Каталог: https://www.linstarwood.com/downloads/linstar-wood-panels-catalog-2026.pdf

С уважением,
Отдел продаж Linstar Wood
Xuzhou Yongxiang Wood Industry Co., Ltd.
sales@linstarwood.com
https://www.linstarwood.com/

Если предложение не относится к вашей закупочной деятельности, сообщите нам, и мы не будем отправлять повторные письма.

Sent to info@ynamdar-tajir.com. Logged in /Users/macbook/Desktop/linstarwood/sales/mail-log.jsonl.
Validated 8 unique messages:
- ARMADA Roofing and Facade: armadacorp.kz@gmail.com | Ламинированная фанера для ассортимента ARMADA
- 1 Opalubka: opalubka.info@gmail.com | Прямые поставки ламинированной фанеры для 1 Opalubka
- Steelchem: sales@steelchem.uz | Поставка ламинированной фанеры 6,5-30 мм для Steelchem
- RMB METWOOD: rmbmetwood@gmail.com | Ламинированная фанера и балки H20 для RMB METWOOD
- BVB-Alliance Kyrgyzstan: info@bvbalyans.kg | Оптовая ламинированная фанера для БВБ-Альянс
- BARSO: barsopro@gmail.com | Ламинированная фанера для опалубочных систем BARSO
- Tozon LLC: tozonshop@gmail.com | Поставка фанеры и древесных плит для Tozon
- Ynamdar Tajir: info@ynamdar-tajir.com | Ламинированная фанера 16/18 мм для Ynamdar Tajir
Batch complete: 8 messages sent.
exit_code=0
finished_at=2026-09-02T08:17:06Z
