started_at=2026-08-18T08:14:17Z
From: Linstar Wood <sales@linstarwood.com>
To: koltkov@mail.ru
Subject: Поставка ламинированной фанеры для FANERAOPT.KZ
Attachments: 0
--- Body preview ---
Здравствуйте, команда FANERAOPT.KZ!

Мы ознакомились с вашим ассортиментом фанеры для строительных и производственных компаний в Казахстане, включая ламинированную фанеру с оптовой поставкой со склада.

Linstar Wood производит ламинированную фанеру для опалубки, PP-фанеру и коммерческую фанеру. Доступны сердцевина из тополя, комбинированная и лиственная сердцевина, индивидуальная пленка, обработка торцов и упаковка под маркой заказчика.

Какие размеры, толщина, тип сердцевины и плотность пленки наиболее востребованы у ваших оптовых покупателей? Мы можем подготовить предложение EXW/FOB по вашей спецификации.

Сайт компании:
https://www.linstarwood.com/

Каталог продукции:
https://www.linstarwood.com/downloads/linstar-wood-panels-catalog-2026.pdf

С уважением,
Отдел продаж Linstar Wood
Xuzhou Yongxiang Wood Industry Co., Ltd.
sales@linstarwood.com
https://www.linstarwood.com/

Если предложение не относится к вашей закупочной деятельности, сообщите нам, и мы не будем отправлять повторные письма.

Sent to koltkov@mail.ru. Logged in /Users/macbook/Desktop/linstarwood/sales/mail-log.jsonl.
From: Linstar Wood <sales@linstarwood.com>
To: info@birgegroup.kg
Subject: Ламинированная фанера и балки H20 для БИРГЕ ГРУПП
Attachments: 0
--- Body preview ---
Здравствуйте, команда БИРГЕ ГРУПП!

Мы увидели, что ваша компания поставляет материалы для монолитного строительства в Кыргызстане, включая ламинированную фанеру, двутавровые балки и опалубочные системы.

Linstar Wood производит ламинированную фанеру для опалубки, PP-фанеру и деревянные балки H20. Мы можем изготовить продукцию по согласованным размерам и спецификации, а также выполнить индивидуальную маркировку и упаковку.

Какие характеристики ламинированной фанеры 18 мм и балок H20 вы закупаете сейчас? Мы готовы подготовить сравнительное предложение EXW/FOB.

Сайт компании:
https://www.linstarwood.com/

Каталог продукции:
https://www.linstarwood.com/downloads/linstar-wood-panels-catalog-2026.pdf

С уважением,
Отдел продаж Linstar Wood
Xuzhou Yongxiang Wood Industry Co., Ltd.
sales@linstarwood.com
https://www.linstarwood.com/

Если предложение не относится к вашей закупочной деятельности, сообщите нам, и мы не будем отправлять повторные письма.

Sent to info@birgegroup.kg. Logged in /Users/macbook/Desktop/linstarwood/sales/mail-log.jsonl.
From: Linstar Wood <sales@linstarwood.com>
To: rr07051971@gmail.com
Subject: Поставка фанеры из Китая для CAPITAL TRADING COMPANY
Attachments: 0
--- Body preview ---
Здравствуйте, команда CAPITAL TRADING COMPANY!

Мы ознакомились с вашим ассортиментом влагостойкой и ламинированной фанеры в Ташкенте. На вашей странице также указаны прямые поставки фанеры из России и Китая и работа с оптовыми покупателями.

Linstar Wood производит ламинированную фанеру для опалубки, коммерческую фанеру и мебельные плиты. Доступны различные размеры, толщина, тип сердцевины, обработка поверхности и упаковка под маркой заказчика.

Какая китайская фанера и в каком объеме представляет для вас наибольший интерес сейчас? Мы можем подготовить предложение EXW/FOB по вашей спецификации.

Сайт компании:
https://www.linstarwood.com/

Каталог продукции:
https://www.linstarwood.com/downloads/linstar-wood-panels-catalog-2026.pdf

С уважением,
Отдел продаж Linstar Wood
Xuzhou Yongxiang Wood Industry Co., Ltd.
sales@linstarwood.com
https://www.linstarwood.com/

Если предложение не относится к вашей закупочной деятельности, сообщите нам, и мы не будем отправлять повторные письма.

Sent to rr07051971@gmail.com. Logged in /Users/macbook/Desktop/linstarwood/sales/mail-log.jsonl.
From: Linstar Wood <sales@linstarwood.com>
To: info@fanerra.ru
Subject: Ламинированная фанера из тополя 18/21 мм для Fanerra
Attachments: 0
--- Body preview ---
Здравствуйте, отдел закупок Fanerra!

Мы увидели, что ваша компания продает в России ламинированную фанеру из Китая формата 2440 x 1220 мм толщиной 18 и 21 мм, в том числе оптовыми партиями.

Linstar Wood производит ламинированную фанеру для опалубки с сердцевиной из тополя, комбинированной и лиственной сердцевиной. Доступны различные пленки, обработка торцов, контроль партии и упаковка под маркой заказчика.

Рассматриваете ли вы новых производителей китайской ламинированной фанеры? Если вы сообщите требуемую толщину, сердцевину, плотность пленки и объем, мы подготовим предложение EXW/FOB.

Сайт компании:
https://www.linstarwood.com/

Каталог продукции:
https://www.linstarwood.com/downloads/linstar-wood-panels-catalog-2026.pdf

С уважением,
Отдел продаж Linstar Wood
Xuzhou Yongxiang Wood Industry Co., Ltd.
sales@linstarwood.com
https://www.linstarwood.com/

Если предложение не относится к вашей закупочной деятельности, сообщите нам, и мы не будем отправлять повторные письма.

Sent to info@fanerra.ru. Logged in /Users/macbook/Desktop/linstarwood/sales/mail-log.jsonl.
From: Linstar Wood <sales@linstarwood.com>
To: mosstroyles@mail.ru
Subject: Китайская ламинированная фанера 18/21 мм для СтройЛес
Attachments: 0
--- Body preview ---
Здравствуйте, отдел закупок компании «СтройЛес»!

Мы ознакомились с вашим ассортиментом ламинированной фанеры. На сайте представлены китайские панели из тополя формата 1220 x 2440 мм толщиной 18 и 21 мм для опалубки, с продажей оптом и в розницу.

Linstar Wood производит ламинированную фанеру с сердцевиной из тополя, комбинированной и лиственной сердцевиной. Мы предлагаем различные пленки, обработку торцов, контроль партии и упаковку под маркой заказчика.

Какие характеристики китайской фанеры 18/21 мм вы закупаете в настоящее время? Мы готовы подготовить предложение EXW/FOB по вашей спецификации и планируемому объему.

Сайт компании:
https://www.linstarwood.com/

Каталог продукции:
https://www.linstarwood.com/downloads/linstar-wood-panels-catalog-2026.pdf

С уважением,
Отдел продаж Linstar Wood
Xuzhou Yongxiang Wood Industry Co., Ltd.
sales@linstarwood.com
https://www.linstarwood.com/

Если предложение не относится к вашей закупочной деятельности, сообщите нам, и мы не будем отправлять повторные письма.

Sent to mosstroyles@mail.ru. Logged in /Users/macbook/Desktop/linstarwood/sales/mail-log.jsonl.
Validated 5 unique messages:
- FANERAOPT.KZ: koltkov@mail.ru | Поставка ламинированной фанеры для FANERAOPT.KZ
- БИРГЕ ГРУПП: info@birgegroup.kg | Ламинированная фанера и балки H20 для БИРГЕ ГРУПП
- CAPITAL TRADING COMPANY LLC: rr07051971@gmail.com | Поставка фанеры из Китая для CAPITAL TRADING COMPANY
- Fanerra: info@fanerra.ru | Ламинированная фанера из тополя 18/21 мм для Fanerra
- СтройЛес: mosstroyles@mail.ru | Китайская ламинированная фанера 18/21 мм для СтройЛес
Batch complete: 5 messages sent.
exit_code=0
finished_at=2026-08-18T08:14:32Z
