started_at=2026-09-02T08:02:21Z
From: Linstar Wood <sales@linstarwood.com>
To: ventas@tradeforestperu.com
Subject: Suministro de triplay fenólico doble film para Trade Forest Perú
Attachments: 0
--- Body preview ---
Hola, equipo de compras de Trade Forest Perú:

Vimos que son importadores directos de tableros procedentes de China y que mantienen stock de triplay fenólico doble film, triplay importado y OSB de distintas marcas.

Linstar Wood fabrica triplay fenólico film faced, triplay comercial y tableros de ingeniería para importadores y distribuidores. Ofrecemos núcleos de álamo, combi y madera dura, diferentes films, sellado de cantos y embalaje con marca privada.

¿Qué especificación de triplay fenólico de 18 mm, peso de film y volumen mensual manejan actualmente? Podemos preparar una propuesta FOB comparable según su producto principal.

Sitio web:
https://www.linstarwood.com/

Catálogo de productos:
https://www.linstarwood.com/downloads/linstar-wood-panels-catalog-2026.pdf

Saludos cordiales,
Equipo Comercial de Linstar Wood
Xuzhou Yongxiang Wood Industry Co., Ltd.
sales@linstarwood.com
https://www.linstarwood.com/

Si esta propuesta no corresponde a su área de compras, por favor indíquenoslo y no enviaremos más mensajes.

Sent to ventas@tradeforestperu.com. Logged in /Users/macbook/Desktop/linstarwood/sales/mail-log.jsonl.
From: Linstar Wood <sales@linstarwood.com>
To: cprada@cassaformaproyectos.com
Subject: Tableros fenólicos de 18 mm y vigas H20 para CASSAFORMA
Attachments: 0
--- Body preview ---
Hola, equipo de CASSAFORMA Proyectos:

Conocimos su oferta especializada para encofrados en Perú, que incluye tableros fenólicos de 18 mm, vigas H20, puntales metálicos y accesorios.

Linstar Wood fabrica triplay film faced, triplay PP y vigas de madera H20 para distribuidores y empresas de sistemas de encofrado. Podemos personalizar el núcleo, film, sellado de cantos, longitudes y embalaje.

¿Qué especificaciones y cantidades compran actualmente para los tableros de 18 mm y las vigas H20? Podemos preparar una propuesta FOB combinada de acuerdo con sus requisitos técnicos.

Sitio web:
https://www.linstarwood.com/

Catálogo de productos:
https://www.linstarwood.com/downloads/linstar-wood-panels-catalog-2026.pdf

Saludos cordiales,
Equipo Comercial de Linstar Wood
Xuzhou Yongxiang Wood Industry Co., Ltd.
sales@linstarwood.com
https://www.linstarwood.com/

Si esta propuesta no corresponde a su área de compras, por favor indíquenoslo y no enviaremos más mensajes.

Sent to cprada@cassaformaproyectos.com. Logged in /Users/macbook/Desktop/linstarwood/sales/mail-log.jsonl.
From: Linstar Wood <sales@linstarwood.com>
To: comercial@naturexcompany.com
Subject: Triplay fenólico y tableros de madera para Naturex
Attachments: 0
--- Body preview ---
Hola, equipo comercial de Naturex:

Revisamos su gama de triplay fenólico film, triplay de pino, tableros finger joint, HDF para puertas y triplay decorativo para el mercado peruano.

Linstar Wood fabrica paneles para construcción y mobiliario, incluyendo triplay film faced, triplay comercial, tableros finger joint y tableros revestidos. Podemos trabajar con medidas, superficies y embalajes personalizados.

¿Qué especificaciones de triplay fenólico o tablero finger joint importan actualmente? Con esos datos podemos preparar una oferta FOB enfocada en los productos de mayor rotación.

Sitio web:
https://www.linstarwood.com/

Catálogo de productos:
https://www.linstarwood.com/downloads/linstar-wood-panels-catalog-2026.pdf

Saludos cordiales,
Equipo Comercial de Linstar Wood
Xuzhou Yongxiang Wood Industry Co., Ltd.
sales@linstarwood.com
https://www.linstarwood.com/

Si esta propuesta no corresponde a su área de compras, por favor indíquenoslo y no enviaremos más mensajes.

Sent to comercial@naturexcompany.com. Logged in /Users/macbook/Desktop/linstarwood/sales/mail-log.jsonl.
From: Linstar Wood <sales@linstarwood.com>
To: contacto@heptachile.cl
Subject: Terciado fenólico de 18 mm para venta por pallet
Attachments: 0
--- Body preview ---
Hola, equipo comercial de Hepta Chile:

Vimos que importan y distribuyen terciados fenólicos para moldaje por pallet cerrado, principalmente paneles de 18 mm con film marrón de 120 g/m² para obras de construcción.

Linstar Wood fabrica plywood film faced con núcleos de álamo, combi y madera dura. Ofrecemos distintos pesos de film, sellado de cantos, inspección por lote y embalaje con marca del cliente.

¿Qué construcción del núcleo, cantidad por pallet y objetivo de desempeño requieren para su línea principal de 18 mm? Podemos preparar una propuesta FOB y documentación específica del producto para evaluación.

Sitio web:
https://www.linstarwood.com/

Catálogo de productos:
https://www.linstarwood.com/downloads/linstar-wood-panels-catalog-2026.pdf

Saludos cordiales,
Equipo Comercial de Linstar Wood
Xuzhou Yongxiang Wood Industry Co., Ltd.
sales@linstarwood.com
https://www.linstarwood.com/

Si esta propuesta no corresponde a su área de compras, por favor indíquenoslo y no enviaremos más mensajes.

Sent to contacto@heptachile.cl. Logged in /Users/macbook/Desktop/linstarwood/sales/mail-log.jsonl.
From: Linstar Wood <sales@linstarwood.com>
To: ventas@tequescr.com
Subject: Plywood fenólico 12/15/18 mm para Los Teques
Attachments: 0
--- Body preview ---
Hola, equipo de compras de Los Teques:

Revisamos su línea de plywood fenólico de 12, 15 y 18 mm para formaletas de concreto en Costa Rica.

Linstar Wood fabrica plywood film faced y plywood PP con opciones de núcleo de álamo, combi y madera dura. Podemos personalizar el espesor, film, sellado de cantos y embalaje para distribuidores.

¿Qué espesor, núcleo y superficie tienen actualmente mayor rotación? Podemos preparar alternativas FOB de acuerdo con su especificación y volumen estimado.

Sitio web:
https://www.linstarwood.com/

Catálogo de productos:
https://www.linstarwood.com/downloads/linstar-wood-panels-catalog-2026.pdf

Saludos cordiales,
Equipo Comercial de Linstar Wood
Xuzhou Yongxiang Wood Industry Co., Ltd.
sales@linstarwood.com
https://www.linstarwood.com/

Si esta propuesta no corresponde a su área de compras, por favor indíquenoslo y no enviaremos más mensajes.

Sent to ventas@tequescr.com. Logged in /Users/macbook/Desktop/linstarwood/sales/mail-log.jsonl.
From: Linstar Wood <sales@linstarwood.com>
To: ventas@mbtriplay.mx
Subject: Suministro directo de triplay, MDF y cimbra para MB-Triplay
Attachments: 0
--- Body preview ---
Hola, equipo de compras de MB-Triplay:

Vimos que son importadores directos de triplay, MDF, melamina y cimbra procedentes de China y otros mercados, con centros de distribución en Guadalajara y Querétaro.

Linstar Wood fabrica triplay film faced, triplay comercial, tableros de melamina, blockboard y otros paneles de ingeniería. Podemos ofrecer especificaciones y embalajes personalizados, además de contenedores con categorías combinadas.

¿Qué productos de origen chino están evaluando actualmente y cuáles son sus especificaciones de mayor rotación? Podemos preparar una propuesta FOB dirigida a sus necesidades de construcción o mobiliario.

Sitio web:
https://www.linstarwood.com/

Catálogo de productos:
https://www.linstarwood.com/downloads/linstar-wood-panels-catalog-2026.pdf

Saludos cordiales,
Equipo Comercial de Linstar Wood
Xuzhou Yongxiang Wood Industry Co., Ltd.
sales@linstarwood.com
https://www.linstarwood.com/

Si esta propuesta no corresponde a su área de compras, por favor indíquenoslo y no enviaremos más mensajes.

Sent to ventas@mbtriplay.mx. Logged in /Users/macbook/Desktop/linstarwood/sales/mail-log.jsonl.
From: Linstar Wood <sales@linstarwood.com>
To: ventas@triplaymaya.com.mx
Subject: Fabricante de triplay para Triplay Maya
Attachments: 0
--- Body preview ---
Hola, equipo de compras de Triplay Maya:

Conocimos que importan directamente productos de madera desde Asia, Sudamérica y Estados Unidos para atender el mercado mexicano de construcción y carpintería.

Linstar Wood fabrica triplay para construcción y mobiliario, incluyendo film faced, triplay comercial, blockboard y tableros revestidos. Ofrecemos distintas construcciones de núcleo, medidas, superficies y embalaje con marca privada.

¿Qué tipos y especificaciones de triplay asiático compran actualmente? Podemos preparar una oferta FOB basada en sus medidas, calidad y volumen mensual.

Sitio web:
https://www.linstarwood.com/

Catálogo de productos:
https://www.linstarwood.com/downloads/linstar-wood-panels-catalog-2026.pdf

Saludos cordiales,
Equipo Comercial de Linstar Wood
Xuzhou Yongxiang Wood Industry Co., Ltd.
sales@linstarwood.com
https://www.linstarwood.com/

Si esta propuesta no corresponde a su área de compras, por favor indíquenoslo y no enviaremos más mensajes.

Sent to ventas@triplaymaya.com.mx. Logged in /Users/macbook/Desktop/linstarwood/sales/mail-log.jsonl.
From: Linstar Wood <sales@linstarwood.com>
To: ventas@triplaymaderasjr.com.mx
Subject: Triplay fenólico para cimbra para Grupo San Juan
Attachments: 0
--- Body preview ---
Hola, equipo de ventas para obra de Grupo San Juan:

Revisamos su gama para construcción, que incluye triplay fenólico film face, Cimbraplay, triplay MDO, MDF y madera para andamios.

Linstar Wood fabrica plywood film faced, plywood comercial, LVL y otros paneles para distribuidores. Podemos personalizar el núcleo, espesor, superficie, sellado de cantos y embalaje.

¿Qué espesor y acabado de triplay film face o MDO tienen mayor demanda en sus proyectos? Podemos preparar una propuesta FOB según su especificación y volumen de compra.

Sitio web:
https://www.linstarwood.com/

Catálogo de productos:
https://www.linstarwood.com/downloads/linstar-wood-panels-catalog-2026.pdf

Saludos cordiales,
Equipo Comercial de Linstar Wood
Xuzhou Yongxiang Wood Industry Co., Ltd.
sales@linstarwood.com
https://www.linstarwood.com/

Si esta propuesta no corresponde a su área de compras, por favor indíquenoslo y no enviaremos más mensajes.

Sent to ventas@triplaymaderasjr.com.mx. Logged in /Users/macbook/Desktop/linstarwood/sales/mail-log.jsonl.
Validated 8 unique messages:
- Trade Forest Peru: ventas@tradeforestperu.com | Suministro de triplay fenólico doble film para Trade Forest Perú
- CASSAFORMA Proyectos: cprada@cassaformaproyectos.com | Tableros fenólicos de 18 mm y vigas H20 para CASSAFORMA
- Naturex Company: comercial@naturexcompany.com | Triplay fenólico y tableros de madera para Naturex
- Hepta Chile: contacto@heptachile.cl | Terciado fenólico de 18 mm para venta por pallet
- Los Teques S.A.: ventas@tequescr.com | Plywood fenólico 12/15/18 mm para Los Teques
- MB-Triplay: ventas@mbtriplay.mx | Suministro directo de triplay, MDF y cimbra para MB-Triplay
- Triplay Maya: ventas@triplaymaya.com.mx | Fabricante de triplay para Triplay Maya
- Grupo San Juan: ventas@triplaymaderasjr.com.mx | Triplay fenólico para cimbra para Grupo San Juan
Batch complete: 8 messages sent.
exit_code=0
finished_at=2026-09-02T08:02:45Z
