started_at=2026-08-18T08:06:43Z
From: Linstar Wood <sales@linstarwood.com>
To: supply@allwoodtrading.com
Subject: China Film-Faced Plywood & LVL Supply for Allwood
Attachments: 0
--- Body preview ---
Hi Allwood Supply Team,

I noticed that Allwood stocks China-origin poplar/combi-core film-faced plywood and LVL scaffold boards, and welcomes introductions from new suppliers.

We manufacture film-faced plywood, PP plywood and LVL products for importers and distributors, with private-label packing and customized specifications available.

Could you advise your current preferred specification for 18 mm film-faced plywood or LVL scaffold boards? We can prepare matching FOB options for your review.

Company website:
https://www.linstarwood.com/

Product catalog:
https://www.linstarwood.com/downloads/linstar-wood-panels-catalog-2026.pdf

Best regards,
Linstar Wood Sales Team
Xuzhou Yongxiang Wood Industry Co., Ltd.
sales@linstarwood.com
https://www.linstarwood.com/

If this is not relevant to your purchasing team, please let us know and we will not follow up.

Sent to supply@allwoodtrading.com. Logged in /Users/macbook/Desktop/linstarwood/sales/mail-log.jsonl.
From: Linstar Wood <sales@linstarwood.com>
To: info@acetimbertrading.com
Subject: PP Green Plywood & 18 mm Film-Faced Supply
Attachments: 0
--- Body preview ---
Hi Ace Timber Team,

I saw that Ace Timber supplies imported film-faced and commercial plywood to the Middle East construction and fit-out markets, including 18 mm formwork panels and green coated plywood.

We manufacture film-faced plywood, PP green plywood and commercial plywood with poplar, combi and hardwood core options. Customized film, edge treatment and private-label packing are available.

Which core, film weight and reuse target are you currently sourcing? We would be pleased to prepare a comparable FOB offer.

Company website:
https://www.linstarwood.com/

Product catalog:
https://www.linstarwood.com/downloads/linstar-wood-panels-catalog-2026.pdf

Best regards,
Linstar Wood Sales Team
Xuzhou Yongxiang Wood Industry Co., Ltd.
sales@linstarwood.com
https://www.linstarwood.com/

If this is not relevant to your purchasing team, please let us know and we will not follow up.

Sent to info@acetimbertrading.com. Logged in /Users/macbook/Desktop/linstarwood/sales/mail-log.jsonl.
From: Linstar Wood <sales@linstarwood.com>
To: order@tawreed.ae
Subject: Film-Faced & PP Plastic Plywood Supply for Tawreed
Attachments: 0
--- Body preview ---
Hi Tawreed Trade Team,

I noticed that Tawreed offers full-hardwood, combi-core and poplar-core shuttering plywood, as well as PP plastic film-faced plywood and LVL scaffold boards.

Our factory produces the same key construction-panel categories for importers and distributors. We can support customized core combinations, surface films, sizes and private-label packing.

May I ask which shuttering plywood or PP plywood specification is currently most important for your UAE stock program? We can quote against your target specification.

Company website:
https://www.linstarwood.com/

Product catalog:
https://www.linstarwood.com/downloads/linstar-wood-panels-catalog-2026.pdf

Best regards,
Linstar Wood Sales Team
Xuzhou Yongxiang Wood Industry Co., Ltd.
sales@linstarwood.com
https://www.linstarwood.com/

If this is not relevant to your purchasing team, please let us know and we will not follow up.

Sent to order@tawreed.ae. Logged in /Users/macbook/Desktop/linstarwood/sales/mail-log.jsonl.
From: Linstar Wood <sales@linstarwood.com>
To: rakesh@etedubai.com
Subject: Mixed-Container Plywood Supply for Emirates Trading Enterprises
Attachments: 0
--- Body preview ---
Hi Emirates Trading Enterprises Team,

I saw that your plywood range includes film-faced, commercial and melamine plywood for the UAE market.

We manufacture these panel categories for overseas importers and can arrange mixed-product containers, customized specifications and private-label packing. This may be useful when replenishing several plywood lines in one shipment.

Would you be open to reviewing an FOB offer for your current film-faced and commercial plywood requirements?

Company website:
https://www.linstarwood.com/

Product catalog:
https://www.linstarwood.com/downloads/linstar-wood-panels-catalog-2026.pdf

Best regards,
Linstar Wood Sales Team
Xuzhou Yongxiang Wood Industry Co., Ltd.
sales@linstarwood.com
https://www.linstarwood.com/

If this is not relevant to your purchasing team, please let us know and we will not follow up.

Sent to rakesh@etedubai.com. Logged in /Users/macbook/Desktop/linstarwood/sales/mail-log.jsonl.
From: Linstar Wood <sales@linstarwood.com>
To: orders@tabgulf.ae
Subject: Film-Faced Plywood Supply - Core & Film Options
Attachments: 0
--- Body preview ---
Hi TAB Gulf Purchasing Team,

I reviewed your film-faced plywood range and noticed the multiple core, glue, film-weight, colour and size options offered for concrete formwork applications.

We manufacture film-faced plywood with poplar, combi and hardwood core options, WBP bonding, customized film surfaces and edge treatment. Batch inspection and private-label packing can also be arranged.

Which 18 mm core and film-weight combinations currently move fastest for your customers? We can prepare FOB options based on your preferred specification.

Company website:
https://www.linstarwood.com/

Product catalog:
https://www.linstarwood.com/downloads/linstar-wood-panels-catalog-2026.pdf

Best regards,
Linstar Wood Sales Team
Xuzhou Yongxiang Wood Industry Co., Ltd.
sales@linstarwood.com
https://www.linstarwood.com/

If this is not relevant to your purchasing team, please let us know and we will not follow up.

Sent to orders@tabgulf.ae. Logged in /Users/macbook/Desktop/linstarwood/sales/mail-log.jsonl.
Validated 5 unique messages:
- Allwood Trading Co. FZE: supply@allwoodtrading.com | China Film-Faced Plywood & LVL Supply for Allwood
- Ace Timber Trading Co. LLC: info@acetimbertrading.com | PP Green Plywood & 18 mm Film-Faced Supply
- Tawreed Trade: order@tawreed.ae | Film-Faced & PP Plastic Plywood Supply for Tawreed
- Emirates Trading Enterprises LLC: rakesh@etedubai.com | Mixed-Container Plywood Supply for Emirates Trading Enterprises
- TAB Gulf: orders@tabgulf.ae | Film-Faced Plywood Supply - Core & Film Options
Batch complete: 5 messages sent.
exit_code=0
finished_at=2026-08-18T08:06:59Z
