started_at=2026-09-03T03:24:58Z
From: Linstar Wood <sales@linstarwood.com>
To: supply@allwoodtrading.com
Subject: Re: China Film-Faced Plywood & LVL Supply for Allwood
Attachments: 0
--- Body preview ---
Dear Allwood Supply Team,

I am following up on our earlier message regarding film-faced plywood and LVL supply.

As Allwood already handles Chinese poplar and combi-core panels, we can prepare a direct comparison based on your current 18 mm plywood and LVL scaffold-board specifications. Please share the core construction, film weight, sheet size, required quantity and delivery destination you are currently purchasing.

We will reply with a specification-based quotation and the documents available for the selected products.

Company profile: https://www.linstarwood.com/

Best regards,
Linstar Wood Sales Team
Xuzhou Yongxiang Wood Industry Co., Ltd.
sales@linstarwood.com

If this is not relevant to your purchasing activities, please let us know and we will not send further messages.

Sent to supply@allwoodtrading.com. Logged in /Users/macbook/Desktop/linstarwood/sales/mail-log.jsonl.
From: Linstar Wood <sales@linstarwood.com>
To: info@acetimbertrading.com
Subject: Re: PP Green Plywood & 18 mm Film-Faced Supply
Attachments: 0
--- Body preview ---
Dear Ace Timber Team,

I am following up on our previous introduction concerning PP green plywood and 18 mm film-faced plywood.

Because your range serves construction and fit-out buyers, we can quote according to the exact core, film weight, edge treatment and performance requirement you currently sell. Custom sizes, buyer marking and export packaging can also be discussed for wholesale orders.

Could you advise your fastest-moving specification and approximate purchasing quantity? We will prepare a focused factory offer rather than a general price list.

Company profile: https://www.linstarwood.com/

Best regards,
Linstar Wood Sales Team
Xuzhou Yongxiang Wood Industry Co., Ltd.
sales@linstarwood.com

If this is not relevant to your purchasing activities, please let us know and we will not send further messages.

Sent to info@acetimbertrading.com. Logged in /Users/macbook/Desktop/linstarwood/sales/mail-log.jsonl.
From: Linstar Wood <sales@linstarwood.com>
To: order@tawreed.ae
Subject: Re: Film-Faced & PP Plastic Plywood Supply for Tawreed
Attachments: 0
--- Body preview ---
Dear Tawreed Team,

I am following up on our earlier email about film-faced plywood, PP plastic plywood and LVL supply.

Your construction-panel range closely matches our production program. We can prepare options using poplar, combi or hardwood construction, with the film, thickness, edge sealing, packaging and private-label details confirmed before production.

Would you be able to share the specification and quantity of the plywood product you plan to replenish next? We can then submit a relevant quotation with available supporting documents.

Company profile: https://www.linstarwood.com/

Best regards,
Linstar Wood Sales Team
Xuzhou Yongxiang Wood Industry Co., Ltd.
sales@linstarwood.com

If this is not relevant to your purchasing activities, please let us know and we will not send further messages.

Sent to order@tawreed.ae. Logged in /Users/macbook/Desktop/linstarwood/sales/mail-log.jsonl.
From: Linstar Wood <sales@linstarwood.com>
To: rakesh@etedubai.com
Subject: Re: Mixed-Container Plywood Supply for Emirates Trading Enterprises
Attachments: 0
--- Body preview ---
Dear Mr. Rakesh,

I am following up on our previous email regarding plywood supply for Emirates Trading Enterprises.

Since your range includes film-faced, commercial and melamine-faced panels, we can evaluate either a single-product order or a mixed-container proposal. Specifications would be confirmed by product, including core, thickness, glue, surface, packing and the documents available for the order.

Please let us know which panel category you are currently sourcing and the approximate volume and destination. We will prepare a concise factory quotation around that requirement.

Company profile: https://www.linstarwood.com/

Best regards,
Linstar Wood Sales Team
Xuzhou Yongxiang Wood Industry Co., Ltd.
sales@linstarwood.com

If this is not relevant to your purchasing activities, please let us know and we will not send further messages.

Sent to rakesh@etedubai.com. Logged in /Users/macbook/Desktop/linstarwood/sales/mail-log.jsonl.
From: Linstar Wood <sales@linstarwood.com>
To: orders@tabgulf.ae
Subject: Re: Film-Faced Plywood Supply - Core & Film Options
Attachments: 0
--- Body preview ---
Dear TAB Gulf Team,

I am following up on our earlier message regarding film-faced plywood supply.

We noticed that your published range distinguishes core construction, glue, film weight, colour and size. This allows us to prepare a like-for-like factory quotation instead of offering an unspecified panel.

Could you advise which 18 mm core and film-weight combination currently moves fastest, together with your usual order quantity and destination? We will quote against those exact parameters and confirm the applicable quality documents.

Company profile: https://www.linstarwood.com/

Best regards,
Linstar Wood Sales Team
Xuzhou Yongxiang Wood Industry Co., Ltd.
sales@linstarwood.com

If this is not relevant to your purchasing activities, please let us know and we will not send further messages.

Sent to orders@tabgulf.ae. Logged in /Users/macbook/Desktop/linstarwood/sales/mail-log.jsonl.
Validated 5 unique messages:
- Allwood Trading Co. FZE: supply@allwoodtrading.com | Re: China Film-Faced Plywood & LVL Supply for Allwood
- Ace Timber Trading Co. LLC: info@acetimbertrading.com | Re: PP Green Plywood & 18 mm Film-Faced Supply
- Tawreed Trade: order@tawreed.ae | Re: Film-Faced & PP Plastic Plywood Supply for Tawreed
- Emirates Trading Enterprises LLC: rakesh@etedubai.com | Re: Mixed-Container Plywood Supply for Emirates Trading Enterprises
- TAB Gulf: orders@tabgulf.ae | Re: Film-Faced Plywood Supply - Core & Film Options
Batch complete: 5 messages sent.
exit_code=0
finished_at=2026-09-03T03:25:15Z
