started_at=2026-08-21T08:55:31Z
From: Linstar Wood <sales@linstarwood.com>
To: info@mega-oman.com
Subject: China-Origin Film-Faced Plywood Supply for MEGA Oman
Attachments: 0
--- Body preview ---
Hi MEGA Oman Purchasing Team,

I saw that MEGA wholesales China-origin film-faced plywood in 4 x 8 ft sizes from 9 to 25 mm, together with commercial plywood and MDF for the Oman market.

Linstar Wood manufactures film-faced plywood, commercial plywood and engineered wood panels with poplar, combi and hardwood core options. Customized film, edge sealing, sizes and private-label packing are available.

Which China-origin thickness, core and film specifications currently move fastest in your stock program? We can prepare comparable FOB options based on your target specification and monthly volume.

Company website:
https://www.linstarwood.com/

Product catalog:
https://www.linstarwood.com/downloads/linstar-wood-panels-catalog-2026.pdf

Best regards,
Linstar Wood Sales Team
Xuzhou Yongxiang Wood Industry Co., Ltd.
sales@linstarwood.com
https://www.linstarwood.com/

If this is not relevant to your purchasing team, please let us know and we will not follow up.

Sent to info@mega-oman.com. Logged in /Users/macbook/Desktop/linstarwood/sales/mail-log.jsonl.
From: Linstar Wood <sales@linstarwood.com>
To: info@sgtoman.com
Subject: Film-Faced Plywood Supply for SGT Oman
Attachments: 0
--- Body preview ---
Hi SGT Oman Purchasing Team,

I noticed that Sterling General Trading imports construction materials from Europe and Asia and maintains a dedicated film-faced plywood product line in Oman.

Linstar Wood manufactures film-faced plywood and PP plywood for importers and building-material distributors. We offer poplar, combi and hardwood cores, customized film surfaces, sealed edges and private-label packing.

Could you advise the origin, core, thickness and film weight you currently purchase for formwork panels? We would be pleased to prepare a matching FOB offer with product-specific documentation.

Company website:
https://www.linstarwood.com/

Product catalog:
https://www.linstarwood.com/downloads/linstar-wood-panels-catalog-2026.pdf

Best regards,
Linstar Wood Sales Team
Xuzhou Yongxiang Wood Industry Co., Ltd.
sales@linstarwood.com
https://www.linstarwood.com/

If this is not relevant to your purchasing team, please let us know and we will not follow up.

Sent to info@sgtoman.com. Logged in /Users/macbook/Desktop/linstarwood/sales/mail-log.jsonl.
From: Linstar Wood <sales@linstarwood.com>
To: sales@globtekqatar.com
Subject: Film-Faced & Decorative Plywood Supply for Globtek
Attachments: 0
--- Body preview ---
Hi Globtek Purchasing Team,

I reviewed your Qatar building-material range, including film-faced plywood, decorative plywood and white and red timber products.

Linstar Wood manufactures film-faced plywood, commercial plywood, fancy plywood and melamine-faced panels for overseas distributors. Customized cores, surfaces, sizes and private-label packing are available.

Which plywood categories do you currently import directly, and what 18 mm formwork specification is most in demand? We can prepare suitable FOB options for your review.

Company website:
https://www.linstarwood.com/

Product catalog:
https://www.linstarwood.com/downloads/linstar-wood-panels-catalog-2026.pdf

Best regards,
Linstar Wood Sales Team
Xuzhou Yongxiang Wood Industry Co., Ltd.
sales@linstarwood.com
https://www.linstarwood.com/

If this is not relevant to your purchasing team, please let us know and we will not follow up.

Sent to sales@globtekqatar.com. Logged in /Users/macbook/Desktop/linstarwood/sales/mail-log.jsonl.
From: Linstar Wood <sales@linstarwood.com>
To: info@fameholding.com
Subject: Construction Plywood & MDF Supply for Fame International
Attachments: 0
--- Body preview ---
Hi Fame International Purchasing Team,

I saw that your civil-material division supplies film-faced plywood, construction plywood, MDF and hardwood to commercial projects in Qatar.

Linstar Wood manufactures film-faced plywood, commercial plywood, melamine-faced boards and other engineered wood panels. We can arrange customized specifications, mixed-product containers and private-label packing.

Would you be open to reviewing an FOB offer for your current 18 mm formwork plywood or mixed plywood and MDF requirements? Please share the preferred core, film and target quantity.

Company website:
https://www.linstarwood.com/

Product catalog:
https://www.linstarwood.com/downloads/linstar-wood-panels-catalog-2026.pdf

Best regards,
Linstar Wood Sales Team
Xuzhou Yongxiang Wood Industry Co., Ltd.
sales@linstarwood.com
https://www.linstarwood.com/

If this is not relevant to your purchasing team, please let us know and we will not follow up.

Sent to info@fameholding.com. Logged in /Users/macbook/Desktop/linstarwood/sales/mail-log.jsonl.
From: Linstar Wood <sales@linstarwood.com>
To: atlal.alkhaleej.local@gmail.com
Subject: Plywood, Blockboard & MDF Supply for Atlal Al-Khaleej
Attachments: 0
--- Body preview ---
Hi Atlal Al-Khaleej Sales and Purchasing Team,

I noticed that your wood-product division supplies plywood, blockboard, MDF and solid timber to the Qatar building and decoration market.

Linstar Wood manufactures commercial plywood, film-faced plywood, blockboard, melamine-faced boards and fancy plywood for distributors. Customized sizes, surfaces and branded packing are available.

Which plywood, blockboard or MDF specifications do you currently source from Asia? We can prepare a focused FOB offer for the products and quantities most relevant to your customers.

Company website:
https://www.linstarwood.com/

Product catalog:
https://www.linstarwood.com/downloads/linstar-wood-panels-catalog-2026.pdf

Best regards,
Linstar Wood Sales Team
Xuzhou Yongxiang Wood Industry Co., Ltd.
sales@linstarwood.com
https://www.linstarwood.com/

If this is not relevant to your purchasing team, please let us know and we will not follow up.

Sent to atlal.alkhaleej.local@gmail.com. Logged in /Users/macbook/Desktop/linstarwood/sales/mail-log.jsonl.
From: Linstar Wood <sales@linstarwood.com>
To: atlas@atlaskuwait.com
Subject: Film-Faced, WBP & Commercial Plywood Supply
Attachments: 0
--- Body preview ---
Hi Atlas Commercial Purchasing Team,

I reviewed your wood-products profile and saw that Atlas is an importer, primary stockist and distributor of film-faced plywood, WBP plywood, commercial plywood, MDF and blockboard in Kuwait.

Linstar Wood manufactures these panel categories with customized core construction, bonding, surface treatment, edge sealing and private-label packing.

Could you advise your current film-faced or WBP plywood thickness, core and stock requirements? We can prepare matching FOB options and product-specific documents for comparison.

Company website:
https://www.linstarwood.com/

Product catalog:
https://www.linstarwood.com/downloads/linstar-wood-panels-catalog-2026.pdf

Best regards,
Linstar Wood Sales Team
Xuzhou Yongxiang Wood Industry Co., Ltd.
sales@linstarwood.com
https://www.linstarwood.com/

If this is not relevant to your purchasing team, please let us know and we will not follow up.

Sent to atlas@atlaskuwait.com. Logged in /Users/macbook/Desktop/linstarwood/sales/mail-log.jsonl.
From: Linstar Wood <sales@linstarwood.com>
To: customercare@alphalineenterprises.com
Subject: Chinese Film-Faced Plywood Supply for Alphaline
Attachments: 0
--- Body preview ---
Hi Alphaline Enterprises Team,

I saw that Alphaline supplies Chinese and Malaysian film-faced plywood to construction and contracting customers in Bahrain and works with a globally sourced product network.

Linstar Wood manufactures film-faced plywood and PP plywood with poplar, combi and hardwood core options. Customized film, edge treatment, inspection and private-label packing are available.

Are you currently reviewing new Chinese factory partners? If you share your preferred 18 mm core, film weight and order volume, we can prepare a comparable FOB proposal.

Company website:
https://www.linstarwood.com/

Product catalog:
https://www.linstarwood.com/downloads/linstar-wood-panels-catalog-2026.pdf

Best regards,
Linstar Wood Sales Team
Xuzhou Yongxiang Wood Industry Co., Ltd.
sales@linstarwood.com
https://www.linstarwood.com/

If this is not relevant to your purchasing team, please let us know and we will not follow up.

Sent to customercare@alphalineenterprises.com. Logged in /Users/macbook/Desktop/linstarwood/sales/mail-log.jsonl.
From: Linstar Wood <sales@linstarwood.com>
To: info@tominnawll.com
Subject: Film-Faced Shuttering Plywood Supply for Bahrain
Attachments: 0
--- Body preview ---
Hi Tominna Trading Purchasing Team,

I understand that Tominna Trading imports and wholesales construction materials in Bahrain, including film-faced shuttering plywood.

Linstar Wood manufactures film-faced plywood with poplar, combi and hardwood core options for overseas stockists. We can customize film, edge sealing, packing and logo printing according to the buyer's specification.

Which 18 mm shuttering plywood specification and order quantity are you currently sourcing? We would be pleased to prepare an FOB offer for comparison.

Company website:
https://www.linstarwood.com/

Product catalog:
https://www.linstarwood.com/downloads/linstar-wood-panels-catalog-2026.pdf

Best regards,
Linstar Wood Sales Team
Xuzhou Yongxiang Wood Industry Co., Ltd.
sales@linstarwood.com
https://www.linstarwood.com/

If this is not relevant to your purchasing team, please let us know and we will not follow up.

Sent to info@tominnawll.com. Logged in /Users/macbook/Desktop/linstarwood/sales/mail-log.jsonl.
Validated 8 unique messages:
- MEGA Oman: info@mega-oman.com | China-Origin Film-Faced Plywood Supply for MEGA Oman
- SGT Oman: info@sgtoman.com | Film-Faced Plywood Supply for SGT Oman
- Globtek Trading & Services: sales@globtekqatar.com | Film-Faced & Decorative Plywood Supply for Globtek
- Fame International: info@fameholding.com | Construction Plywood & MDF Supply for Fame International
- Atlal Al-Khaleej: atlal.alkhaleej.local@gmail.com | Plywood, Blockboard & MDF Supply for Atlal Al-Khaleej
- Atlas Commercial Kuwait: atlas@atlaskuwait.com | Film-Faced, WBP & Commercial Plywood Supply
- Alphaline Enterprises: customercare@alphalineenterprises.com | Chinese Film-Faced Plywood Supply for Alphaline
- Tominna Trading: info@tominnawll.com | Film-Faced Shuttering Plywood Supply for Bahrain
Batch complete: 8 messages sent.
exit_code=0
finished_at=2026-08-21T08:55:55Z
