started_at=2026-08-20T09:32:53Z
From: Linstar Wood <sales@linstarwood.com>
To: sales@safarigroup.com.au
Subject: Formply & LVL Supply - Product Documentation Available
Attachments: 0
--- Body preview ---
Hi Safari Group Purchasing Team,

I saw that Safari Group is a major Australian importer and distributor of formply, with F17 structural, non-structural and flexible formply options as well as LVL formwork timber.

Linstar Wood manufactures film-faced plywood, PP plywood and engineered wood products for overseas distributors. We can support customized core construction, film surfaces, edge sealing and private-label packing.

Could you advise your current purchasing requirements for 17 mm non-structural formply, or your supplier-qualification process for F17 structural products? Product-specific certification and test documentation can be submitted for review against your requirements before quotation.

Company website:
https://www.linstarwood.com/

Product catalog:
https://www.linstarwood.com/downloads/linstar-wood-panels-catalog-2026.pdf

Best regards,
Linstar Wood Sales Team
Xuzhou Yongxiang Wood Industry Co., Ltd.
sales@linstarwood.com
https://www.linstarwood.com/

If this is not relevant to your purchasing team, please let us know and we will not follow up.

Sent to sales@safarigroup.com.au. Logged in /Users/macbook/Desktop/linstarwood/sales/mail-log.jsonl.
From: Linstar Wood <sales@linstarwood.com>
To: info@formplyaustralia.com.au
Subject: Formply & LVL Manufacturer - Supplier Qualification
Attachments: 0
--- Body preview ---
Hi Formply Australia Team,

I noticed that your company specializes in F17 Class 2 structural formply and LVL timber, and is continually reviewing new products for the Australian formwork market.

Linstar Wood manufactures formwork plywood, PP plywood, LVL products and H20 timber beams for international buyers. Customized construction, surface treatment, edge sealing and private-label packing are available.

Would you be open to sharing your supplier-qualification requirements for formply or LVL? We can prepare product-specific specifications, certification and test documents for your technical review before discussing a commercial offer.

Company website:
https://www.linstarwood.com/

Product catalog:
https://www.linstarwood.com/downloads/linstar-wood-panels-catalog-2026.pdf

Best regards,
Linstar Wood Sales Team
Xuzhou Yongxiang Wood Industry Co., Ltd.
sales@linstarwood.com
https://www.linstarwood.com/

If this is not relevant to your purchasing team, please let us know and we will not follow up.

Sent to info@formplyaustralia.com.au. Logged in /Users/macbook/Desktop/linstarwood/sales/mail-log.jsonl.
From: Linstar Wood <sales@linstarwood.com>
To: hello@nassguard.sa
Subject: 18 mm Film-Faced Plywood Supply for Nassguard
Attachments: 0
--- Body preview ---
Hi Nassguard Purchasing Team,

I reviewed your film-faced plywood range for shuttering and concrete formwork across Saudi Arabia, including brown and black phenolic panels in 12, 15 and 18 mm.

Linstar Wood manufactures film-faced plywood and PP plywood with poplar, combi and hardwood core options. We can customize film color and weight, edge sealing, packing and private-label printing for distributors.

Which 18 mm core, film weight and target performance are currently most important for your Saudi stock program? We can prepare matching EXW/FOB options and product-specific documents for your review.

Company website:
https://www.linstarwood.com/

Product catalog:
https://www.linstarwood.com/downloads/linstar-wood-panels-catalog-2026.pdf

Best regards,
Linstar Wood Sales Team
Xuzhou Yongxiang Wood Industry Co., Ltd.
sales@linstarwood.com
https://www.linstarwood.com/

If this is not relevant to your purchasing team, please let us know and we will not follow up.

Sent to hello@nassguard.sa. Logged in /Users/macbook/Desktop/linstarwood/sales/mail-log.jsonl.
From: Linstar Wood <sales@linstarwood.com>
To: sales@yatcogulf.com
Subject: Bulk Film-Faced Plywood Supply for Saudi Arabia
Attachments: 0
--- Body preview ---
Hi Yatco Gulf Purchasing Team,

I saw that Yatco supplies film-faced plywood in bulk to contractors, builders and developers across Saudi Arabia for concrete formwork and shuttering applications.

Linstar Wood manufactures film-faced plywood with poplar, combi and hardwood core options, as well as PP plywood and other engineered wood panels. Customized film, edge treatment and private-label packing are available.

Could you advise the core, thickness, film weight and monthly quantity you currently purchase? We would be pleased to prepare a comparable EXW/FOB offer with the relevant product documents.

Company website:
https://www.linstarwood.com/

Product catalog:
https://www.linstarwood.com/downloads/linstar-wood-panels-catalog-2026.pdf

Best regards,
Linstar Wood Sales Team
Xuzhou Yongxiang Wood Industry Co., Ltd.
sales@linstarwood.com
https://www.linstarwood.com/

If this is not relevant to your purchasing team, please let us know and we will not follow up.

Sent to sales@yatcogulf.com. Logged in /Users/macbook/Desktop/linstarwood/sales/mail-log.jsonl.
From: Linstar Wood <sales@linstarwood.com>
To: info@saplings.co.za
Subject: Chinese Film-Face Plywood 18/21 mm for Saplings
Attachments: 0
--- Body preview ---
Hi Saplings Timber Trading Team,

I noticed that Saplings supplies imported Brazilian and Chinese film-face plywood to merchants and manufacturers, including 2440 x 1220 mm panels in 18 and 21 mm.

Linstar Wood manufactures film-faced plywood with poplar, combi and hardwood core options for overseas distributors. We can support customized film surfaces, anti-slip options, edge sealing, batch inspection and private-label packing.

Which Chinese 18 or 21 mm core and film specifications are currently most important for your stock range? We can prepare a matching FOB offer for comparison.

Company website:
https://www.linstarwood.com/

Product catalog:
https://www.linstarwood.com/downloads/linstar-wood-panels-catalog-2026.pdf

Best regards,
Linstar Wood Sales Team
Xuzhou Yongxiang Wood Industry Co., Ltd.
sales@linstarwood.com
https://www.linstarwood.com/

If this is not relevant to your purchasing team, please let us know and we will not follow up.

Sent to info@saplings.co.za. Logged in /Users/macbook/Desktop/linstarwood/sales/mail-log.jsonl.
From: Linstar Wood <sales@linstarwood.com>
To: info@marineboards.co.ke
Subject: Engineered Wood Panel Supply for Marine Boards Kenya
Attachments: 0
--- Body preview ---
Hi Marine Boards Kenya Team,

I reviewed your engineered-panel range in Nairobi, including marine boards, plywood, OSB, blockboard, MDF and particleboard.

Linstar Wood manufactures film-faced plywood, commercial plywood, melamine-faced boards, blockboard and engineered wood products for importers and distributors. Customized sizes, surfaces and private-label packing are available.

Which panel categories do you currently import directly, and which 18 mm marine or formwork plywood specification is most in demand? We can prepare suitable FOB options based on your target specification and volume.

Company website:
https://www.linstarwood.com/

Product catalog:
https://www.linstarwood.com/downloads/linstar-wood-panels-catalog-2026.pdf

Best regards,
Linstar Wood Sales Team
Xuzhou Yongxiang Wood Industry Co., Ltd.
sales@linstarwood.com
https://www.linstarwood.com/

If this is not relevant to your purchasing team, please let us know and we will not follow up.

Sent to info@marineboards.co.ke. Logged in /Users/macbook/Desktop/linstarwood/sales/mail-log.jsonl.
From: Linstar Wood <sales@linstarwood.com>
To: bachar@kamowoodltd.com
Subject: 18 mm Marine & Film-Faced Plywood Supply
Attachments: 0
--- Body preview ---
Hi Kamowood Purchasing Team,

I saw that Kamowood stocks several 1220 x 2440 x 18 mm marine plywood lines in brown, black and red surface options for the Ghana market.

Linstar Wood manufactures film-faced, commercial and marine-use plywood with poplar, combi and hardwood core options. We can customize glue, surface film, edge sealing, packing and private-label printing.

Could you advise the core, bonding, surface and monthly volume of your fastest-moving 18 mm board? We can prepare a comparable FOB proposal for your review.

Company website:
https://www.linstarwood.com/

Product catalog:
https://www.linstarwood.com/downloads/linstar-wood-panels-catalog-2026.pdf

Best regards,
Linstar Wood Sales Team
Xuzhou Yongxiang Wood Industry Co., Ltd.
sales@linstarwood.com
https://www.linstarwood.com/

If this is not relevant to your purchasing team, please let us know and we will not follow up.

Sent to bachar@kamowoodltd.com. Logged in /Users/macbook/Desktop/linstarwood/sales/mail-log.jsonl.
From: Linstar Wood <sales@linstarwood.com>
To: sales@feranlizwood.com
Subject: H20 Beams & Formwork Plywood Supply for Feranliz
Attachments: 0
--- Body preview ---
Hi Feranliz Wood Purchasing Team,

I reviewed your building-material range for Nigerian contractors, including H20 timber beams in several lengths, 17/18/20 mm marine boards and formwork equipment.

Linstar Wood manufactures H20 timber beams, film-faced plywood, PP plywood and LVL products for overseas distributors. Customized lengths, panel construction, surface treatment and private-label packing are available.

What H20 beam lengths and 18 mm formwork-board specifications are you currently sourcing? We can prepare FOB options against your technical requirements and expected quantity.

Company website:
https://www.linstarwood.com/

Product catalog:
https://www.linstarwood.com/downloads/linstar-wood-panels-catalog-2026.pdf

Best regards,
Linstar Wood Sales Team
Xuzhou Yongxiang Wood Industry Co., Ltd.
sales@linstarwood.com
https://www.linstarwood.com/

If this is not relevant to your purchasing team, please let us know and we will not follow up.

Sent to sales@feranlizwood.com. Logged in /Users/macbook/Desktop/linstarwood/sales/mail-log.jsonl.
Validated 8 unique messages:
- Safari Group: sales@safarigroup.com.au | Formply & LVL Supply - Product Documentation Available
- Formply Australia: info@formplyaustralia.com.au | Formply & LVL Manufacturer - Supplier Qualification
- Nassguard Trading: hello@nassguard.sa | 18 mm Film-Faced Plywood Supply for Nassguard
- Yatco Gulf: sales@yatcogulf.com | Bulk Film-Faced Plywood Supply for Saudi Arabia
- Saplings Timber Trading: info@saplings.co.za | Chinese Film-Face Plywood 18/21 mm for Saplings
- Marine Boards Kenya: info@marineboards.co.ke | Engineered Wood Panel Supply for Marine Boards Kenya
- Kamowood Limited: bachar@kamowoodltd.com | 18 mm Marine & Film-Faced Plywood Supply
- Feranliz Wood Limited: sales@feranlizwood.com | H20 Beams & Formwork Plywood Supply for Feranliz
Batch complete: 8 messages sent.
exit_code=0
finished_at=2026-08-20T09:33:18Z
